Release 14.4 - xst P.49d (nt64)
Copyright (c) 1995-2012 Xilinx, Inc.  All rights reserved.
--> Parameter TMPDIR set to xst/projnav.tmp


Total REAL time to Xst completion: 0.00 secs
Total CPU time to Xst completion: 0.08 secs
 
--> Parameter xsthdpdir set to xst


Total REAL time to Xst completion: 0.00 secs
Total CPU time to Xst completion: 0.08 secs
 
--> Reading design: Keypoint.prj

TABLE OF CONTENTS
  1) Synthesis Options Summary
  2) HDL Parsing
  3) HDL Elaboration
  4) HDL Synthesis
       4.1) HDL Synthesis Report
  5) Advanced HDL Synthesis
       5.1) Advanced HDL Synthesis Report
  6) Low Level Synthesis
  7) Partition Report
  8) Design Summary
       8.1) Primitive and Black Box Usage
       8.2) Device utilization summary
       8.3) Partition Resource Summary
       8.4) Timing Report
            8.4.1) Clock Information
            8.4.2) Asynchronous Control Signals Information
            8.4.3) Timing Summary
            8.4.4) Timing Details
            8.4.5) Cross Clock Domains Report


=========================================================================
*                      Synthesis Options Summary                        *
=========================================================================
---- Source Parameters
Input File Name                    : "Keypoint.prj"
Ignore Synthesis Constraint File   : NO

---- Target Parameters
Output File Name                   : "Keypoint"
Output Format                      : NGC
Target Device                      : xc7v2000t-2-flg1925

---- Source Options
Top Module Name                    : Keypoint
Automatic FSM Extraction           : YES
FSM Encoding Algorithm             : Auto
Safe Implementation                : No
FSM Style                          : LUT
RAM Extraction                     : Yes
RAM Style                          : Auto
ROM Extraction                     : Yes
Shift Register Extraction          : YES
ROM Style                          : Auto
Resource Sharing                   : YES
Asynchronous To Synchronous        : NO
Shift Register Minimum Size        : 2
Use DSP Block                      : Auto
Automatic Register Balancing       : No

---- Target Options
LUT Combining                      : Auto
Reduce Control Sets                : Auto
Add IO Buffers                     : YES
Global Maximum Fanout              : 100000
Add Generic Clock Buffer(BUFG)     : 32
Register Duplication               : YES
Optimize Instantiated Primitives   : NO
Use Clock Enable                   : Auto
Use Synchronous Set                : Auto
Use Synchronous Reset              : Auto
Pack IO Registers into IOBs        : Auto
Equivalent register Removal        : YES

---- General Options
Optimization Goal                  : Speed
Optimization Effort                : 1
Power Reduction                    : NO
Keep Hierarchy                     : No
Netlist Hierarchy                  : As_Optimized
RTL Output                         : Yes
Global Optimization                : AllClockNets
Read Cores                         : YES
Write Timing Constraints           : NO
Cross Clock Analysis               : NO
Hierarchy Separator                : /
Bus Delimiter                      : <>
Case Specifier                     : Maintain
Slice Utilization Ratio            : 100
BRAM Utilization Ratio             : 100
DSP48 Utilization Ratio            : 100
Auto BRAM Packing                  : NO
Slice Utilization Ratio Delta      : 5

---- Other Options
Cores Search Directories           : {"ipcore_dir"  }

=========================================================================


=========================================================================
*                          HDL Parsing                                  *
=========================================================================
Analyzing Verilog file "C:\Xilinx\ISE_Workspace\SIFT\Keypoint.v" into library work
Parsing module <Keypoint>.

=========================================================================
*                            HDL Elaboration                            *
=========================================================================

Elaborating module <Keypoint>.

=========================================================================
*                           HDL Synthesis                               *
=========================================================================

Synthesizing Unit <Keypoint>.
    Related source file is "C:\Xilinx\ISE_Workspace\SIFT\Keypoint.v".
    Found 1-bit register for signal <keypoint>.
    Found 17-bit comparator greater for signal <DoG_2_2[16]_DoG_1_1[16]_LessThan_5_o> created at line 47
    Found 17-bit comparator greater for signal <DoG_2_2[16]_DoG_1_2[16]_LessThan_6_o> created at line 47
    Found 17-bit comparator greater for signal <DoG_2_2[16]_DoG_1_3[16]_LessThan_7_o> created at line 47
    Found 17-bit comparator greater for signal <DoG_2_2[16]_DoG_2_1[16]_LessThan_8_o> created at line 48
    Found 17-bit comparator greater for signal <DoG_2_2[16]_DoG_2_3[16]_LessThan_9_o> created at line 48
    Found 17-bit comparator greater for signal <DoG_2_2[16]_DoG_3_1[16]_LessThan_10_o> created at line 49
    Found 17-bit comparator greater for signal <DoG_2_2[16]_DoG_3_2[16]_LessThan_11_o> created at line 49
    Found 17-bit comparator greater for signal <DoG_2_2[16]_DoG_3_3[16]_LessThan_12_o> created at line 49
    Found 17-bit comparator greater for signal <DoG_1_1[16]_DoG_2_2[16]_LessThan_13_o> created at line 50
    Found 17-bit comparator greater for signal <DoG_1_2[16]_DoG_2_2[16]_LessThan_14_o> created at line 50
    Found 17-bit comparator greater for signal <DoG_1_3[16]_DoG_2_2[16]_LessThan_15_o> created at line 50
    Found 17-bit comparator greater for signal <DoG_2_1[16]_DoG_2_2[16]_LessThan_16_o> created at line 51
    Found 17-bit comparator greater for signal <DoG_2_3[16]_DoG_2_2[16]_LessThan_17_o> created at line 51
    Found 17-bit comparator greater for signal <DoG_3_1[16]_DoG_2_2[16]_LessThan_18_o> created at line 52
    Found 17-bit comparator greater for signal <DoG_3_2[16]_DoG_2_2[16]_LessThan_19_o> created at line 52
    Found 17-bit comparator greater for signal <DoG_3_3[16]_DoG_2_2[16]_LessThan_20_o> created at line 52
    Summary:
	inferred   1 D-type flip-flop(s).
	inferred  16 Comparator(s).
	inferred   1 Multiplexer(s).
Unit <Keypoint> synthesized.

=========================================================================
HDL Synthesis Report

Macro Statistics
# Registers                                            : 1
 1-bit register                                        : 1
# Comparators                                          : 16
 17-bit comparator greater                             : 16
# Multiplexers                                         : 1
 1-bit 2-to-1 multiplexer                              : 1

=========================================================================

=========================================================================
*                       Advanced HDL Synthesis                          *
=========================================================================


=========================================================================
Advanced HDL Synthesis Report

Macro Statistics
# Registers                                            : 1
 Flip-Flops                                            : 1
# Comparators                                          : 16
 17-bit comparator greater                             : 16

=========================================================================

=========================================================================
*                         Low Level Synthesis                           *
=========================================================================

Optimizing unit <Keypoint> ...

Mapping all equations...
Building and optimizing final netlist ...
Found area constraint ratio of 100 (+ 5) on block Keypoint, actual ratio is 0.

Final Macro Processing ...

=========================================================================
Final Register Report

Macro Statistics
# Registers                                            : 1
 Flip-Flops                                            : 1

=========================================================================

=========================================================================
*                           Partition Report                            *
=========================================================================

Partition Implementation Status
-------------------------------

  No Partitions were found in this design.

-------------------------------

=========================================================================
*                            Design Summary                             *
=========================================================================

Top Level Output File Name         : Keypoint.ngc

Primitive and Black Box Usage:
------------------------------
# BELS                             : 410
#      LUT2                        : 1
#      LUT3                        : 8
#      LUT4                        : 256
#      LUT5                        : 2
#      LUT6                        : 14
#      MUXCY                       : 128
#      VCC                         : 1
# FlipFlops/Latches                : 1
#      FDC                         : 1
# Clock Buffers                    : 1
#      BUFGP                       : 1
# IO Buffers                       : 155
#      IBUF                        : 154
#      OBUF                        : 1

Device utilization summary:
---------------------------

Selected Device : 7v2000tflg1925-2 


Slice Logic Utilization: 
 Number of Slice LUTs:                  281  out of  1221600     0%  
    Number used as Logic:               281  out of  1221600     0%  

Slice Logic Distribution: 
 Number of LUT Flip Flop pairs used:    281
   Number with an unused Flip Flop:     281  out of    281   100%  
   Number with an unused LUT:             0  out of    281     0%  
   Number of fully used LUT-FF pairs:     0  out of    281     0%  
   Number of unique control sets:         1

IO Utilization: 
 Number of IOs:                         156
 Number of bonded IOBs:                 156  out of   1200    13%  
    IOB Flip Flops/Latches:               1

Specific Feature Utilization:
 Number of BUFG/BUFGCTRLs:                1  out of    128     0%  

---------------------------
Partition Resource Summary:
---------------------------

  No Partitions were found in this design.

---------------------------


=========================================================================
Timing Report

NOTE: THESE TIMING NUMBERS ARE ONLY A SYNTHESIS ESTIMATE.
      FOR ACCURATE TIMING INFORMATION PLEASE REFER TO THE TRACE REPORT
      GENERATED AFTER PLACE-and-ROUTE.

Clock Information:
------------------
-----------------------------------+------------------------+-------+
Clock Signal                       | Clock buffer(FF name)  | Load  |
-----------------------------------+------------------------+-------+
clk                                | BUFGP                  | 1     |
-----------------------------------+------------------------+-------+

Asynchronous Control Signals Information:
----------------------------------------
No asynchronous control signals found in this design

Timing Summary:
---------------
Speed Grade: -2

   Minimum period: No path found
   Minimum input arrival time before clock: 3.317ns
   Maximum output required time after clock: 0.575ns
   Maximum combinational path delay: No path found

Timing Details:
---------------
All values displayed in nanoseconds (ns)

=========================================================================
Timing constraint: Default OFFSET IN BEFORE for Clock 'clk'
  Total number of paths / destination ports: 1105 / 2
-------------------------------------------------------------------------
Offset:              3.317ns (Levels of Logic = 14)
  Source:            DoG_2_2<0> (PAD)
  Destination:       keypoint (FF)
  Destination Clock: clk rising

  Data Path: DoG_2_2<0> to keypoint
                                Gate     Net
    Cell:in->out      fanout   Delay   Delay  Logical Name (Net Name)
    ----------------------------------------  ------------
     IBUF:I->O            32   0.000   0.652  DoG_2_2_0_IBUF (DoG_2_2_0_IBUF)
     LUT4:I0->O            1   0.043   0.000  Mcompar_DoG_2_2[16]_DoG_2_1[16]_LessThan_8_o_lut<0> (Mcompar_DoG_2_2[16]_DoG_2_1[16]_LessThan_8_o_lut<0>)
     MUXCY:S->O            1   0.238   0.000  Mcompar_DoG_2_2[16]_DoG_2_1[16]_LessThan_8_o_cy<0> (Mcompar_DoG_2_2[16]_DoG_2_1[16]_LessThan_8_o_cy<0>)
     MUXCY:CI->O           1   0.013   0.000  Mcompar_DoG_2_2[16]_DoG_2_1[16]_LessThan_8_o_cy<1> (Mcompar_DoG_2_2[16]_DoG_2_1[16]_LessThan_8_o_cy<1>)
     MUXCY:CI->O           1   0.013   0.000  Mcompar_DoG_2_2[16]_DoG_2_1[16]_LessThan_8_o_cy<2> (Mcompar_DoG_2_2[16]_DoG_2_1[16]_LessThan_8_o_cy<2>)
     MUXCY:CI->O           1   0.013   0.000  Mcompar_DoG_2_2[16]_DoG_2_1[16]_LessThan_8_o_cy<3> (Mcompar_DoG_2_2[16]_DoG_2_1[16]_LessThan_8_o_cy<3>)
     MUXCY:CI->O           1   0.013   0.000  Mcompar_DoG_2_2[16]_DoG_2_1[16]_LessThan_8_o_cy<4> (Mcompar_DoG_2_2[16]_DoG_2_1[16]_LessThan_8_o_cy<4>)
     MUXCY:CI->O           1   0.013   0.000  Mcompar_DoG_2_2[16]_DoG_2_1[16]_LessThan_8_o_cy<5> (Mcompar_DoG_2_2[16]_DoG_2_1[16]_LessThan_8_o_cy<5>)
     MUXCY:CI->O           1   0.013   0.000  Mcompar_DoG_2_2[16]_DoG_2_1[16]_LessThan_8_o_cy<6> (Mcompar_DoG_2_2[16]_DoG_2_1[16]_LessThan_8_o_cy<6>)
     MUXCY:CI->O           1   0.151   0.350  Mcompar_DoG_2_2[16]_DoG_2_1[16]_LessThan_8_o_cy<7> (Mcompar_DoG_2_2[16]_DoG_2_1[16]_LessThan_8_o_cy<7>)
     LUT3:I2->O            1   0.043   0.495  Mcompar_DoG_2_2[16]_DoG_2_1[16]_LessThan_8_o_cy<8> (Mcompar_DoG_2_2[16]_DoG_2_1[16]_LessThan_8_o_cy<8>)
     LUT6:I3->O            1   0.043   0.613  Mmux_DoG_2_2[16]_GND_1_o_MUX_18_o113_SW0 (N4)
     LUT6:I0->O            1   0.043   0.522  Mmux_DoG_2_2[16]_GND_1_o_MUX_18_o113 (Mmux_DoG_2_2[16]_GND_1_o_MUX_18_o112)
     LUT6:I2->O            1   0.043   0.000  Mmux_DoG_2_2[16]_GND_1_o_MUX_18_o115 (DoG_2_2[16]_GND_1_o_MUX_18_o)
     FDC:D                    -0.000          keypoint
    ----------------------------------------
    Total                      3.317ns (0.684ns logic, 2.632ns route)
                                       (20.6% logic, 79.4% route)

=========================================================================
Timing constraint: Default OFFSET OUT AFTER for Clock 'clk'
  Total number of paths / destination ports: 1 / 1
-------------------------------------------------------------------------
Offset:              0.575ns (Levels of Logic = 1)
  Source:            keypoint (FF)
  Destination:       keypoint (PAD)
  Source Clock:      clk rising

  Data Path: keypoint to keypoint
                                Gate     Net
    Cell:in->out      fanout   Delay   Delay  Logical Name (Net Name)
    ----------------------------------------  ------------
     FDC:C->Q              1   0.236   0.339  keypoint (keypoint_OBUF)
     OBUF:I->O                 0.000          keypoint_OBUF (keypoint)
    ----------------------------------------
    Total                      0.575ns (0.236ns logic, 0.339ns route)
                                       (41.0% logic, 59.0% route)

=========================================================================

Cross Clock Domains Report:
--------------------------

=========================================================================


Total REAL time to Xst completion: 10.00 secs
Total CPU time to Xst completion: 9.59 secs
 
--> 

Total memory usage is 444780 kilobytes

Number of errors   :    0 (   0 filtered)
Number of warnings :    0 (   0 filtered)
Number of infos    :    0 (   0 filtered)

